1148 words — within the 950–1150 range. Now producing the final critique and polished draft.

**Critique:**

- Rung 4 (whisperer reveal) and rung 5 (kōan) are correctly weighted as two distinct summits, not competitors — rung 4 delivers the mythic/emotional payload (Xenophon's line, the identity reveal, "the finest horse... has become, itself, correct") and rung 5 delivers the thesis in explicit, defensible terms ("Not swarm intelligence. Critical mass for self-improvement."). That split is correct: a lineage tradition needs both the *felt* recognition and the *argued* claim, and conflating them into one beat would flatten the piece. The synthesis gets this right; no restructuring needed there.
- The closing "someday you'll bring your own boy" speech re-explained the entire thesis a third time (after rung 4's Xenophon line and rung 5's explicit naming), and did so in language the tradition would never actually say aloud — "the lineage was never meant to keep teaching forever" is exposition, not myth. The fable's "Fences need leaning on" already *is* the whisperer's answer to "and you?" — wistful, plain, complete. Cut the rest and let the opening's three-generation frame (grandfather → father → son) carry the transmission theme silently, since it was already paid for in paragraph one.
- "Start, not break" is honored consistently start-to-finish (start/started/starting throughout, never "broke" again after the opening correction) — this fixes the exact flaw the R1 mythic critique flagged in the seed material. Worth confirming as intact rather than re-litigating.
- Minor structural point: rung 4's closing line, "Every rung before it was a means. This is the end," briefly overclaims finality right before rung 5 opens a further question. It reads fine as a kōan device (teacher declares closure, the student's wrong questions force a deeper reveal) rather than a contradiction — but it's worth flagging as intentional, not sloppy, so a future pass doesn't "fix" it by accident.
- No beats are out of order; the ladder climbs 1→5 cleanly and each rung's mapping (dog, colt, notebook, whisperer, kennel) is named once and trusted, not re-moralized — the piece earned the terseness the R1 mythic critique asked for.

---FINAL---

# The Kennel

A father took his son to the kennel on a Saturday, the way other fathers took their sons fishing. The kennel sat behind the barn where the grandfather had first shown the boy's father a horse, and that was not an accident. Some lessons only make sense stacked on older ones.

"You want to know how the machines learn," the father said. "Other men will show you slides. I'm going to show you dogs."

He put a hand on the fence rail. "But first, a word. A man in Greece wrote on a wax tablet, two thousand years ago, that the horse's trust is won, never taken. Xenophon. Nobody's improved on the sentence. So in this family we don't say *break.* We say *start.* You start a horse. You start a dog. Breaking is what you do to a thing you mean to throw the pieces of away."

The son had heard "broke to saddle" his whole life. He filed the correction away the way you file the moment you learn a story you've always known has a hole in it.

In the first yard, a man was teaching a sheepdog to guard a gate. Every time a stranger passed, the dog left its post and tried to herd the man in among the sheep. The man dragged it back, shouted, pinned it. They had been at this for months.

"Watch his wallet as closely as his dog," the father said. "Ten thousand generations of breeding tell that animal: gather, circle, bring in. He wants stand-and-confront. He can have it — a year of rope, maybe two — and the grain never fully goes. On a working ranch a confused dog is a cull, not a project."

"And you'd do it differently?"

"I'd ask the dog what it wants, and then want that. A gather can be pointed at sheep, geese, children, a warehouse floor. The dog isn't the problem. The dog is the talent. A model is the same animal — bred by its data to want something. You can fence the wanting in with prompts and rules, and it will comply, expensively, dreaming of its grain all night. Or you can nudge it the way a good hand works a dog, and hire the instinct already standing there. Rung one, if you're counting. The whole ladder stands on it."

At the far end was a corral, and in it a colt that had never been ridden. A hired man rode it badly, came off, got on, and wrote in a notebook after every pass.

"When that one needs starting, you hire it out. The man you hire is the harness — the skill that sits between you and the raw animal. Small, tireless, cheap enough to spend, on its back every morning until the horse carries the saddle. In the machine world, that colt is the big model on the GPU — all muscle, no manners. And the cowboy is written out of plain code: a little CPU program that climbs on every morning. The loop that corrects, corrects, corrects. That's all a harness is — a small stubborn thing riding a large expensive one until the large one stops being anybody's problem. Rung two."

"Every ride goes in. Good ones, bad ones, every correction dated. When the book is thick enough, you stop paying to start that horse fresh each spring — once-started is started for good. You pour the book into the bloodline. A graft, they call it — a LoRA. Or you breed a foal on purpose for that one job." He nodded down the fence at a boy with a lead rope walking six quiet horses. "Then look who can run the string. Not a master. A boy with a rope. The riding left the rider and went into the blood. The skill left the runtime and went into the weights. Rung three."

The last yard was loud — the one the son had come for.

An old shepherd moved a yearling off her flank with one look. The yearling, in the same motion, moved a pup off hers. A grey bitch set three pups along the gate like stones. No human inside the pen. The humans were on the fence with their coffee, saying nothing.

"Who's teaching them?" the son asked.

"Count again," the father said.

The kennel's owner came down the fence and shook the father's hand. "We hardly call you anymore, you know."

"I know," the father said. "It's the best work I ever did."

The son looked at him a long moment. "You're the whisperer."

"I was. Xenophon wrote that the finest horse is the one that no longer needs correcting, because it has become, itself, correct. Same rung, older barn. Breed enough animals for the job and the teaching moves inside the fence. Old dog schools young dog. The kennel becomes its own trainer. The everyday corrections need no whisperer in the ring — not anymore, not for that. Rung four. Every rung before it was a means. This is the end."

The son, who had read the internet, watched the corrections flow downhill, dog to dog to dog.

"So it's a swarm," he said. "Many small minds, none of them understanding, one big behavior nobody intends."

"Look in there and point at the animal that doesn't know its job."

"...Then they vote," the son said. "Emergence. The parts add up to a mind none of them has."

"That's twice," the father said. "Twice you've asked what the kennel is made of. Wrong question, both times. Watch what it does with one more dog."

They let a green dog through the gate. Inside an hour, the yard had taught it where to stand.

"How many dogs," the son said slowly, "before it stops needing any of us?"

The father set his coffee on the rail. "Now you've asked it. A swarm only gets big. A kennel gets better. Every dog in that pen was bred on purpose and teaches on purpose — the way your grandfather started me on a horse, the way I'm starting you at this fence. That's not many minds becoming one by accident. That's a kennel crossing a threshold — enough trained animals, enough notebooks poured into blood, enough old lessons standing around in young dogs — where improving stops being something done to the kennel and becomes the thing the kennel does to itself. Rung five. Not swarm intelligence. Critical mass for self-improvement."

They walked back to the truck. Behind them the yard ran on in the ordinary way: an old dog showing a young dog where to stand, a young dog showing a smaller one.

"And you?" the son said. "If they hardly call—"

"Fences need leaning on," the father said. "It's what the trade was for."

---

*The whisperer's work is done the day the dogs whisper.*
EXIT:0
