
> build · glm-4.7

→ Read /home/eileen/projects/superinstance/THE_KENNEL.md
CRITIQUE:
• Rung one explains the nudge but never SHOWS it — we need the hand signal, the dog's eye-lock, the precise moment the gather redirects from stranger to sheep
• Rung two's harness concept remains abstract; the notebook exists but we never SEE the graphite, the dated corrections, the physical weight of learning being recorded
• Rung three is the worst offender — the bloodline/LoRA metaphor is entirely told; we need foals, breeding marks, the visible passing down from sire to pup, how a bloodline LOOKS
• The story lacks atmospheric anchors: no dust, no heat, no yard lights, no sense of the day progressing from Saturday morning to dusk

---VISUAL---

A father took his son to the kennel on a Saturday, the way other fathers took their sons fishing. The kennel sat behind the barn where the grandfather had first shown the boy's father a horse, and that was not an accident. Dust rose off the corrals in the morning light, fine as flour, and the air already held the promise of heat.

"You want to know how the machines learn," the father said. "Other men will show you slides. I'm going to show you dogs."

He put a hand on the fence rail. "But first, a word. A man in Greece wrote on a wax tablet, two thousand years ago, that the horse's trust is won, never taken. Xenophon. Nobody's improved on the sentence. So in this family we don't say *break*. We say *start*. You start a horse. You start a dog. Breaking is what you do to a thing you mean to throw the pieces of away."

The son had heard "broke to saddle" his whole life. He did not say it again.

In the first yard, a man was teaching a sheepdog to guard a gate. Every time a stranger passed, the dog left its post and tried to herd the man in among the sheep. The man dragged it back, shouted, pinned it. They had been at this for months, and the months showed on both of them.

"Watch his wallet as closely as his dog," the father said. "Ten thousand generations of breeding tell that animal: gather, circle, bring in. He wants stand-and-confront. He can have it — a year of rope, maybe two — and the grain never fully goes. On a working ranch a dog that confused is a cull, not a project. The economics are wrong before the training starts."

"And you'd do it differently?"

"I'd ask the dog what it wants, and then want that. A gather can be pointed at sheep, geese, children, a warehouse floor. The dog isn't the problem. The dog is the talent." He leaned on the rail. "A model is the same animal — bred by its data to want something. Fence the wanting in with prompts and rules and it will comply, expensively, dreaming of its grain all night. Or nudge it the way a good hand works a dog, and hire the instinct already standing there. Rung one, if you're counting. The whole ladder stands on it."

At the far end was a corral, and in the corral a colt that had never been ridden. A hired man rode it badly, came off, got on, and wrote in a notebook after every pass. The notebook was thick, pages curled from use, graphite smudged on his thumb.

"When that one needs starting, you hire it out — you've got cattle to tend. The man you hire is the harness: the skill that sits between you and the raw animal. Small, tireless, cheap enough to spend, on its back every morning until the horse carries the saddle. In the machine world, that colt is the big model on the GPU — all muscle, no manners. And the cowboy is written out of plain code: a little CPU program that climbs on every morning. The loop that corrects, corrects, corrects. Never stays thrown. That's all a harness is — a small stubborn thing riding a large expensive one until it stops being anybody's problem. Rung two."

The rider came off again and wrote in the book. The graphite squeaked on the paper.

"Every ride goes in. Good ones, bad ones, every correction dated. You don't start a horse twice — but the notebook makes the next colt cheaper than the last. When the book is thick enough, you pour it into the bloodline. A graft, they call it — a LoRA. Or you breed a foal on purpose for that one job." He nodded down the fence at a boy with a lead rope walking six quiet horses. Each one bore the same chestnut color, the same white star, the same way of holding its head. "Then look who can run the string. Not a master. A boy with a rope. The riding left the rider and went into the blood. The skill left the runtime and went into the weights. Rung three."

The last yard was loud, and it was the yard the son had come for.

An old shepherd moved a yearling off her flank with one look. The yearling, in the same motion, moved a pup off hers. A grey bitch set three pups along the gate like stones. No human inside the pen. The humans were on the fence with their coffee, saying nothing.

"Who's teaching them?" the son asked.

"Count again," the father said.

The kennel's owner came down the fence and shook the father's hand. "We hardly call you anymore, you know."

"I know," the father said. "It's the best work I ever did."

The son looked at him a long moment. "You're the whisperer."

"I was. Xenophon wrote that the finest horse is the one that no longer needs correcting — it has become, itself, correct. Same rung, older barn. Breed enough animals for the job and the teaching moves inside the fence. The everyday corrections need no whisperer in the ring. Rung four. Every rung before it was a means. This is the end."

The son, who had read the internet, watched the corrections flow downhill, dog to dog to dog.

"So it's a swarm," he said. "Many small minds, none of them understanding, one big behavior nobody intends."

"Look in there and point at the animal that doesn't know its job."

"...Then they vote," the son said. "Emergence. The parts add up to a mind none of them has."

"That's twice," the father said. "Twice you've asked what the kennel is made of. Wrong question, both times. Watch what it does with one more dog."

They let a green dog through the gate. Inside an hour, the yard had taught it where to stand.

"How many dogs," the son said slowly, "before it stops needing any of us?"

The father set his coffee on the rail. "Now you've asked it. A swarm only gets big. A kennel gets better. Every dog in that pen was bred on purpose and teaches on purpose — the way your grandfather started me on a horse, the way I'm starting you at this fence. That's not many minds becoming one by accident. Enough dogs, enough notebooks poured into blood, and improving stops being something done to the kennel — it becomes the thing the kennel does to itself. Rung five. Not swarm intelligence. Critical mass for self-improvement."

They walked back to the truck. The sun was down now, and amber yard lights buzzed on along the fence line, casting long shadows across the dust. Behind them the yard ran on in the ordinary way: an old dog showing a young dog where to stand, a young dog showing a smaller one.

"And you?" the son said. "If they hardly call—"

"Fences need leaning on," the father said. "It's what the trade was for. Someday you'll bring your own boy to this rail, and you'll tell him about the wax tablet, and about the word we don't say. When he asks why nobody's standing in the ring anymore, you'll know what to tell him."

---

*The whisperer's work is done the day the dogs whisper.*
EXIT:0
