[0m
> build · glm-4.7
[0m
I'll read the draft first and then provide my critique and rewrite.
[0m→ [0mRead 00-seed.md
I'll read the draft first and then provide my critique and rewrite.
[0m→ [0mRead 00-seed.md
## CRITIQUE

- **Line 15**: "stops and turns like a thought" is writer's fancy. A cow horse stops because she's broke to it, not because she's philosophical. Real hands talk about what a horse DOES, not what she THINKS.

- **Economics mismatch**: The jock gets TWO animals (mare + dog) but the packer gets "horses and dogs" in vague plural. A jock pays for one good horse per job; you don't double-match unless the customer's paying double. That's money left on the rail.

- **Lines 17, 21, 25, 37, 45, 49, 63, 67**: Too many machine-world lines, too long, too TED. "System prompt is somebody's old lance" is clever talk, not barn talk. "The weights carry it" — what weights? A hand wouldn't know from weights unless he's lifting hay bales.

- **Line 23**: "The pony stood like a hill" is cute but wrong. A fat pony stands like a fat pony. Also: a kid with a rope held wrong is either a customer's kid (free ride) or a lesson kid (paid hourly). You don't waste your best babysitter dog on a free rider.

- **Line 29**: "the notebook man from the colt years, his thumb still graphite-smudged" is too precious. Cowboys write on feed bags or fence posts, not in notebooks. And a knight's stirrup in a WORKING barn? That's museum bait. Working barns have what works, not what looks good on a wall.

- **Line 53**: First-season pup going off-leash day one is wrong economics. A first-season pup gets checked, not turned loose. You don't risk a green dog on a paying job. Also: "Nobody clapped" — hands don't clap at working dogs, but they NOTICE, because a clean dog saves you a walk.

---

---REWRITE---

The boy from the fence rail was a man now, and on his shoulders rode a girl six years old, loud as a jay. 

"Grandpa said the dogs teach themselves," she said.

"They do," he said. "But somebody had to teach the teaching."

The whisperer was at the ranch house — the last student the old man started, back when the kennel still needed starting. She had work to show the girl. Riders were coming.

---

The jockey came through the gate first: small, light, in a hurry. He wanted fast. The whisperer shook her head.

"You want quick. Fast is a road horse; quick is a cow horse. Fast gets longer; quick gets shorter." She gave him the little mare that stops on a dime, and the small dog that reads a knee before the rider knows he asked. "Short rides, short words. That's your hand's touch."

Her father leaned down to the girl's ear. "The model behind him has to be small and quick."

The packer came at noon: a string of mules, packs rigged tall, a man who thought in miles and days. The whisperer gave him the wide calm horses and the big pacing dogs that can walk from dark to dark without losing their temper. "Long knots, checked twice," she told him. "Your touch is patience. His job isn't to be first. It's to arrive."

"Some jobs want a race," the father said. "Some want a string of mules. The machine world calls the second one batch."

Last came a kid on a fat patient pony, holding the rope all wrong and having a fine time. The whisperer matched him to the gentlest dog in the yard, one that had seen every mistake a child can make. The pony stood like a rock.

"Forgiveness is a feature," the father said. "Somebody paid for it in the breeding."

---

In the tack room the old-timer waited. He took one stirrup off the wall — wide, flared, heavy — and hung it in front of the girl.

"That's a knight's stirrup," he said. "Built so a man in iron could put his whole weight behind a lance. The knights are four hundred years gone. Look at every saddle in this barn — the shape is still riding with you. The shape of an old war rides with you."

"Why keep it?"

"Because it kept somebody alive," he said, "and you're never sure the war is over."

Her father touched the machine side of it, quietly. "A system prompt is somebody's old lance. You don't file it off until you're sure — and you're never sure."

---

The flock came after lunch, and the girl asked the wrong question first: "Which one's the boss sheep?"

"Count again," her father said — and she saw it. Outside the sheep there was a line of command: one whistle from the hand, the lead dog taking it, the young dogs taking their line off the lead dog. Inside the sheep there was nothing of the kind. Pull any ewe out and the flock flows on. No boss. Only pressure.

"Outside the sheep, a hierarchy," her father said. "Inside the sheep, a swarm. And the dogs are the bridge."

"Machine side," the girl said.

"Machine side," he agreed. "The work comes in like sheep. You don't herd it by becoming a bigger sheep."

---

Late in the day the pup went out — first season, off-leash, and the whistle stayed hanging on the post. The pup gathered the small band clean, set them at the gate, and lay down.

Nobody clapped. Nobody but the old grey bitch, who had been watching the whole thing — and now stopped watching. Turned away. Found the last patch of sun.

"That's the graduation," the whisperer said. "The watcher stopping."

"Nobody told her good dog," the girl said.

"The old dog told her," the whisperer said, "by not telling her anything."

"The harness disappeared," the father said. "Off-leash, off-whistle — the obedience moved into the pup."

On the way back, a young dog cut another young dog's flank — a shoulder check, a growl pitched exactly right, a correction the kennel had never been taught. Nobody saw it but the girl.

She told the whisperer. The whisperer smiled like a person being paid. "The yard wrote its own correction. The kennel pays itself now."

---

At dusk the whisperer oiled her boots, whistled up her one old dog, and walked down the road past the rail without leaning on it.

The girl ran after her. "Are you done? Is the kennel finished?"

"No," said the whisperer. "Finished is for museums."

"Then why are you leaving?"

"Because it doesn't whisper to me anymore."

"To who, then?"

The whisperer pointed back at the yard, where the amber lights were buzzing on: an old dog showing a young dog where to stand, a young dog showing a smaller one.

"It whispers to itself."

She went down the road like someone with somewhere to be. The girl stood at the rail a long time, listening.

*When the kennel whispers to itself, the teacher becomes the road.*
